
> smoke-free-path@1.0.0 web /app
> expo start --web

Starting project at /app
Starting Metro Bundler
The following packages should be updated for best compatibility with the installed expo version:
  expo@54.0.33 - expected version: ~54.0.35
  expo-font@14.0.11 - expected version: ~14.0.12
  expo-linking@8.0.11 - expected version: ~8.0.12
  expo-notifications@0.32.16 - expected version: ~0.32.17
  expo-router@6.0.23 - expected version: ~6.0.24
  expo-updates@29.0.16 - expected version: ~29.0.18
  react-native-safe-area-context@5.7.0 - expected version: ~5.6.0
Your project may not work correctly until you install the expected versions of the packages.
Waiting on http://localhost:8081
Logs for your project will appear below.
Web node_modules/.pnpm/expo-router@6.0.23_@expo+metro-runtime@6.1.2_@testing-library+react-native@13.3.3_jest@29.7.0_f4xs6a4ycvsk2gyrg7vtcqgd6a/node_modules/expo-router/entry.js ░░░░░░░░░░░░░░░░  0.0% (0/1)
Web node_modules/.pnpm/expo-router@6.0.23_@expo+metro-runtime@6.1.2_@testing-library+react-native@13.3.3_jest@29.7.0_f4xs6a4ycvsk2gyrg7vtcqgd6a/node_modules/expo-router/entry.js ▓▓▓▓▓▓▓▓▓▓░░░░░░ 64.0% ( 89/266)
Web node_modules/.pnpm/expo-router@6.0.23_@expo+metro-runtime@6.1.2_@testing-library+react-native@13.3.3_jest@29.7.0_f4xs6a4ycvsk2gyrg7vtcqgd6a/node_modules/expo-router/entry.js ▓▓▓▓▓▓▓▓▓▓░░░░░░ 64.0% (300/510)
Web node_modules/.pnpm/expo-router@6.0.23_@expo+metro-runtime@6.1.2_@testing-library+react-native@13.3.3_jest@29.7.0_f4xs6a4ycvsk2gyrg7vtcqgd6a/node_modules/expo-router/entry.js ▓▓▓▓▓▓▓▓▓▓░░░░░░ 64.0% ( 565/2439)
Web node_modules/.pnpm/expo-router@6.0.23_@expo+metro-runtime@6.1.2_@testing-library+react-native@13.3.3_jest@29.7.0_f4xs6a4ycvsk2gyrg7vtcqgd6a/node_modules/expo-router/entry.js ▓▓▓▓▓▓▓▓▓▓░░░░░░ 64.0% (1378/2468)
Web node_modules/.pnpm/expo-router@6.0.23_@expo+metro-runtime@6.1.2_@testing-library+react-native@13.3.3_jest@29.7.0_f4xs6a4ycvsk2gyrg7vtcqgd6a/node_modules/expo-router/entry.js ▓▓▓▓▓▓▓▓▓▓▓▓▓▓░░ 87.6% (2390/2554)
Web node_modules/.pnpm/expo-router@6.0.23_@expo+metro-runtime@6.1.2_@testing-library+react-native@13.3.3_jest@29.7.0_f4xs6a4ycvsk2gyrg7vtcqgd6a/node_modules/expo-router/entry.js ▓▓▓▓▓▓▓▓▓▓▓▓▓▓▓░ 97.0% (2860/2941)
Web Bundled 22195ms node_modules/.pnpm/expo-router@6.0.23_@expo+metro-runtime@6.1.2_@testing-library+react-native@13.3.3_jest@29.7.0_f4xs6a4ycvsk2gyrg7vtcqgd6a/node_modules/expo-router/entry.js (3010 modules)
 LOG  [web] Logs will appear in the browser console
Web node_modules/.pnpm/expo-router@6.0.23_@expo+metro-runtime@6.1.2_@testing-library+react-native@13.3.3_jest@29.7.0_f4xs6a4ycvsk2gyrg7vtcqgd6a/node_modules/expo-router/entry.js ░░░░░░░░░░░░░░░░  0.0% (0/1)
Web Bundled 128ms node_modules/.pnpm/expo-router@6.0.23_@expo+metro-runtime@6.1.2_@testing-library+react-native@13.3.3_jest@29.7.0_f4xs6a4ycvsk2gyrg7vtcqgd6a/node_modules/expo-router/entry.js (1 module)
 LOG  [web] Logs will appear in the browser console
Web node_modules/.pnpm/expo-router@6.0.23_@expo+metro-runtime@6.1.2_@testing-library+react-native@13.3.3_jest@29.7.0_f4xs6a4ycvsk2gyrg7vtcqgd6a/node_modules/expo-router/entry.js ░░░░░░░░░░░░░░░░  0.0% (0/1)
Web Bundled 113ms node_modules/.pnpm/expo-router@6.0.23_@expo+metro-runtime@6.1.2_@testing-library+react-native@13.3.3_jest@29.7.0_f4xs6a4ycvsk2gyrg7vtcqgd6a/node_modules/expo-router/entry.js (1 module)
 LOG  [web] Logs will appear in the browser console
Web node_modules/.pnpm/expo-router@6.0.23_@expo+metro-runtime@6.1.2_@testing-library+react-native@13.3.3_jest@29.7.0_f4xs6a4ycvsk2gyrg7vtcqgd6a/node_modules/expo-router/entry.js ░░░░░░░░░░░░░░░░  0.0% (0/1)
Web Bundled 122ms node_modules/.pnpm/expo-router@6.0.23_@expo+metro-runtime@6.1.2_@testing-library+react-native@13.3.3_jest@29.7.0_f4xs6a4ycvsk2gyrg7vtcqgd6a/node_modules/expo-router/entry.js (1 module)
 LOG  [web] Logs will appear in the browser console
